===========================
Testing add_integer function
===========================

Normal cases
------------

>>> add_integer(1, 2)
3

>>> add_integer(100, -2)
98

>>> add_integer(2)
100

>>> add_integer(100.3, -2)
98

Float handling
--------------

>>> add_integer(3.9, 4.2)
7

Error cases
-----------

>>> add_integer("School", 3)
Traceback (most recent call last):
TypeError: a must be an integer

>>> add_integer(3, "School")
Traceback (most recent call last):
TypeError: b must be an integer

>>> add_integer(None)
Traceback (most recent call last):
TypeError: a must be an integer
